
[1m[46m RUN [49m[22m [36mv3.2.4 [39m[90mC:/Users/rober/Documents/AI_Tutor/packages/engine-runtime[39m

 [32m✓[39m src/__tests__/hint-ladder.golden.test.ts [2m([22m[2m12 tests[22m[2m)[22m[32m 4[2mms[22m[39m
 [32m✓[39m src/__tests__/triad-bundle.golden.test.ts [2m([22m[2m11 tests[22m[2m)[22m[32m 5[2mms[22m[39m

[2m Test Files [22m [1m[32m2 passed[39m[22m[90m (2)[39m
[2m      Tests [22m [1m[32m23 passed[39m[22m[90m (23)[39m
[2m   Start at [22m 11:43:06
[2m   Duration [22m 346ms[2m (transform 63ms, setup 0ms, collect 93ms, tests 9ms, environment 0ms, prepare 234ms)[22m

